.\venv\Scripts\python.exe : C:
\Users\hkyar\OneDrive\Desktop\
Resume parser\test_key.py:1: 
FutureWarning: 
At line:1 char:1
+ .\venv\Scripts\python.exe 
test_key.py > test_output.txt 
2>&1
+ ~~~~~~~~~~~~~~~~~~~~~~~~~~~~
~~~~~~~~~~~~~~~~~~~~~~~~~~~~~~
~~
    + CategoryInfo          : 
    NotSpecified: (C:\Users\  
  hkyar\...FutureWarning: :   
 String) [], RemoteExcepti    
on
    + FullyQualifiedErrorId : 
    NativeCommandError
 

All support for the 
`google.generativeai` package 
has ended. It will no longer 
be receiving 
updates or bug fixes. Please 
switch to the `google.genai` 
package as soon as possible.
See README for more details:

https://github.com/google-gemi
ni/deprecated-generative-ai-py
thon/blob/main/README.md

  import google.generativeai 
as genai
Current Working Directory: C:\Users\hkyar\OneDrive\Desktop\Resume parser
Loaded Key: 'your_new_api_key_here'
Key length: 21
SUCCESS: API key is valid. Found the following models:
FAILURE: API key validation failed.
Error: 400 API key not valid. Please pass a valid API key. [reason: "API_KEY_INVALID"
domain: "googleapis.com"
metadata {
  key: "service"
  value: "generativelanguage.googleapis.com"
}
, locale: "en-US"
message: "API key not valid. Please pass a valid API key."
]
